[38;2;72;144;112m✓[m [38;2;104;144;184mBuild[m[38;2;128;136;144m · [m[38;2;88;96;104mDone[m                                                                
                                                                              
  [48;2;144;184;212m [m[1;38;2;220;224;230;48;2;144;184;212mTask[m[48;2;144;184;212m [m [38;2;128;136;144mMinimal task[m                                                         
  ├─── [38;2;88;96;104mReading middleware.go[m                                                  
  ├─── [38;2;88;96;104mEditing middleware.go[m                                                  
  ╰─── [38;2;88;96;104mRunning tests[m                                                          
                                                                              
[38;2;88;96;104m[38;2;88;96;104mDone[m[38;2;128;136;144m · [m[38;2;88;96;104m1 files read[m[38;2;128;136;144m · [m[38;2;88;96;104m1 edited[m[38;2;128;136;144m · [m[38;2;88;96;104m1 commands[m[m                                   