[38;2;56;112;88m●[m [38;2;104;144;184mDraft[m[38;2;128;136;144m · [m[38;2;196;160;72mWaiting for permission[m                          
                                                          
  [48;2;144;184;212m [m[1;38;2;220;224;230;48;2;144;184;212mTask[m[48;2;144;184;212m [m [38;2;128;136;144mImplement parser[m                                 
  ├─── [38;2;88;96;104mReading main.go[m                                    
  ╰─── [38;2;88;96;104mEditing parse.go[m                                   
                                                          
[38;2;196;160;72m⏳ Awaiting approval[m                                      